[2026-07-19T18:52:55.187Z] GET http://localhost:5177/ → 200 (6ms, 567B)
[2026-07-19T18:52:55.199Z] GET http://localhost:5177/@vite/client → 200 (7ms, 137725B)
[2026-07-19T18:52:55.199Z] GET http://localhost:5177/src/main.jsx → 200 (4ms, 2154B)
[2026-07-19T18:52:55.201Z] GET http://localhost:5177/@react-refresh → 200 (7ms, 117548B)
[2026-07-19T18:52:55.205Z] GET http://localhost:5177/node_modules/.vite/deps/react_jsx-dev-runtime.js?v=45be759b → 200 (5ms, 37035B)
[2026-07-19T18:52:55.205Z] GET http://localhost:5177/node_modules/.vite/deps/react.js?v=45be759b → 200 (3ms, 219B)
[2026-07-19T18:52:55.205Z] GET http://localhost:5177/node_modules/.vite/deps/react-dom_client.js?v=45be759b → 200 (5ms, 1118B)
[2026-07-19T18:52:55.205Z] GET http://localhost:5177/src/App.jsx → 200 (7ms, 40932B)
[2026-07-19T18:52:55.206Z] GET http://localhost:5177/src/index.css → 200 (6ms, 6581B)
[2026-07-19T18:52:55.207Z] GET http://localhost:5177/node_modules/vite/dist/client/env.mjs → 200 (7ms, 4021B)
[2026-07-19T18:52:55.209Z] GET http://localhost:5177/node_modules/.vite/deps/chunk-CANBAPAS.js?v=45be759b → 200 (7ms, 77818B)
[2026-07-19T18:52:55.210Z] GET http://localhost:5177/node_modules/.vite/deps/chunk-5WRI5ZAA.js?v=45be759b → 200 (6ms, 1400B)
[2026-07-19T18:52:55.210Z] GET http://localhost:5177/node_modules/.vite/deps/chunk-TYILIMWK.js?v=45be759b → 200 (20ms, 928095B)
[2026-07-19T18:52:55.212Z] GET http://localhost:5177/src/components/NutritionLabel.jsx → 200 (8ms, 21228B)
[2026-07-19T18:52:55.212Z] GET http://localhost:5177/src/constants.js → 200 (8ms, 5895B)
[2026-07-19T18:52:55.212Z] GET http://localhost:5177/src/utils.js → 200 (8ms, 15888B)
[2026-07-19T18:52:55.293Z] GET https://docs.google.com/spreadsheets/d/11dBw92P7Bg0oFyfqramGqdAlLTGhcb2ScjmR_1wtiTM/export?format=csv&gid=1800176856 → pending (?ms, ?B)
[2026-07-19T18:52:55.293Z] GET https://docs.google.com/spreadsheets/d/11dBw92P7Bg0oFyfqramGqdAlLTGhcb2ScjmR_1wtiTM/export?format=csv&gid=1800176856 → pending (?ms, ?B)
[2026-07-19T18:52:55.796Z] GET https://doc-0k-68-sheets.googleusercontent.com/export/54bogvaave6cua4cdnls17ksc4/ohfhbfvujdojb0kdp5bu9bm9fo/1784487175000/116247785707870594368/*/11dBw92P7Bg0oFyfqramGqdAlLTGhcb2ScjmR_1wtiTM?format=csv&gid=1800176856 → pending (?ms, ?B)
[2026-07-19T18:52:56.615Z] GET https://doc-0k-68-sheets.googleusercontent.com/export/54bogvaave6cua4cdnls17ksc4/ohfhbfvujdojb0kdp5bu9bm9fo/1784487175000/116247785707870594368/*/11dBw92P7Bg0oFyfqramGqdAlLTGhcb2ScjmR_1wtiTM?format=csv&gid=1800176856 → 200 (537ms, 10797B)
